SUTTON                             JASON               DOUGLAS                1969M08221996    3600      ORIOLE                        DR                   TROY                               MI48084                                                                                                                                                                                                                                                                4424484638070000020 34260041  13   11   16              00000 NA N
FEBBRARO                           JASON               CARY                   1971M04291998     769      KIRTS                         BLVD                 TROY                               MI48084                                                                                                                                                                                                                                                                7369109638070000027 34260041  13   11   20              00000 NA N
SCOTT                              JASON               LLOYD                  1972M12101998    3744      ESTATES                       DR                   TROY                               MI48084                                                                                                                                                                                                                                                                8632409638070000019 34260041  13   11   16              00000 NA N
KREMHELMER                         JASON               PATRICK                1976M11031999    3994      LAWSON                        DR                   TROY                               MI48084                                                                                                                                                                                                                                                                9321247638070000016 34260041  13   11   16              00000 NA N
CLARK                              JASON               JAMES                  1975M09082013    3132      NEWPORT                       CT                   TROY                               MI48084                                                                                                                                                                                                                                                              108034999638070000019 34260041  13   11   16              00000 NA N
GILLIAM                            JASON               ANTHONY                1968M05072012    1645      KIRTS                         BLVD    APT 203      TROY                               MI48084                                                                                                                                                                                                                                                              106827195638070000028 34260041  13   11   16              00000 NA N
WHITING                            JASON               JOHN                   1972M01072004    1750      MCMANUS                       DR                   TROY                               MI48084                                                                                                                                                                                                                                                             4002086760638070000020 34260041  13   11   16              00000 NA N
BLUMLING                           JASON               EDWARD                 1975M06282004    3244      NEWBURY                       PL                   TROY                               MI48084                                                                                                                                                                                                                                                              830008501638070000029 05850041  13   11   16              00000 NA N
RUTHERFORD                         JASON               WILLIAM                1983M08042004    1880      WARBLER                       CT                   TROY                               MI48084                                                                                                                                                                                                                                                             4002605851638070000020 34260041  13   11   16              00000 NA N
KELCHNER                           MATTHEW             JASON                  1970M01102005    1316      WRENWOOD                      DR                   TROY                               MI48084                                                                                                                                                                                                                                                             4003072137638070000029 05850041  13   11   16              00000 NA N
PHILLIPS                           JASON               MICHAEL                1972M06022005     853      MUER                          DR                   TROY                               MI48084                                                                                                                                                                                                                                                             4003381893638070000020 34260041  13   11   16              00000 NA N
HAKIM                              JASON               JACK                   1997M05212015    2623      DERBY                         RD                   TROY                               MI48084                                                                                                                                                                                                                                                              830017585638070000029 05850041  13   11   16              00000 NA N
CASTINE                            JASON               DANIEL                 1984M08302005    2416      WEXFORD                       DR                   TROY                               MI48084                                                                                                                                                                                                                                                             4003595479638070000019 34260041  13   11   16              00000 NA N
SWIDER                             JASON               LAWRENCE               1972M01052006    3904      BOULDER                       DR                   TROY                               MI48084                                                                                                                                                                                                                                                             4003887269638070000019 34260041  13   11   16              00000 NA N
HILL                               JASON               THOMAS-CHRISTOPHER     1982M10212011    3180      UPTON                         DR                   TROY                               MI48084                                                                                                                                                                                                                                                              106365527638070000029 05850041  13   11   16              00000 NA N
ALLEN                              JASON               THOMAS                 1974M04172006    2000      GOLFVIEW                      DR      APT 201      TROY                               MI48084                                                                                                                                                                                                                                                             4004113900638070000028 34260041  13   11   16              00000 NA N
PRETARI                            JASON               JOHN                   1974M07252008     505      KIRTS                         BLVD    APT 93       TROY                               MI48084                                                                                                                                                                                                                                                              103586965638070000027 34260041  13   11   20              00000 NA N
KOENIGSKNECHT                      JASON               RYAN                   1973M10182006    3463      DOROTHEA                      CT                   TROY                               MI48084                                                                                                                                                                                                                                                               31411307638070000029 05850041  13   11   16              00000 NA N
PETROS                             JASON               DAVID                  1994M06152012    1802      CHATHAM                       DR                   TROY                               MI48084                                                                                                                                                                                                                                                              106930622638070000020 34260041  13   11   16              00000 NA N
DECOURCY                           JASON                                      1982M10042008    1674      WITHERBEE                     DR                   TROY                               MI48084                                                                                                                                                                                                                                                              830013752638070000029 05850041  13   11   16              00000 NA N
TAYLOR                             JASON               MICHAEL                1981M08122015    2660      SOMERSET                      BLVD    APT 107      TROY                               MI48084                                                                                                                                                                                                                                                               31521887638070000028 34260041  13   11   16              00000 NA N
MCKEVITT                           JASON               HENRY                  1971M07192011    2812      SUNRIDGE                      DR                   TROY                               MI48084                                                                                                                                                                                                                                                              106122962638070000029 05850041  13   11   16              00000 NA N
BROWN                              JASON               MICHAEL                1978M08032010     154      TACOMA                        DR                   TROY                               MI48084                                                                                                                                                                                                                                                              105322509638070000027 34260041  13   11   20              00000 NA N
HARROFF                            WILLIAM             JASON                  1969M12302015    2206      DORCHESTER                    DR      APT 202      TROY                               MI48084                                                                                                                                                                                                                                                               32079797638070000028 34260041  13   11   16              00000 NA N
KAURICH                            JASON               RYAN                   1985M08212015    2433      SOMERSET                      BLVD    APT 110      TROY                               MI48084                                                                                                                                                                                                                                                               31546574638070000028 34260041  13   11   16              00000 NA N
TOPP                               JASON               NATHANIEL              1977M03072011    2448      SOMERSET                      BLVD    APT 204      TROY                               MI48084                                                                                                                                                                                                                                                              105828082638070000028 34260041  13   11   16              00000 NA N
TOCCO                              JASON               WILLIAM                1987M12072010    2375      DERBY                         RD                   TROY                               MI48084                                                                                                                                                                                                                                                              105640479638070000029 05850041  13   11   16              00000 NA N
BAUMAN                             JASON               ANDREW                 1976M09212011    3857      ESTATES                       CT                   TROY                               MI48084                                                                                                                                                                                                                                                              106835258638070000019 34260041  13   11   16              00000 NA N
TWU                                JASON               EUGENE                 1994M05182015    1717      LEXINGTON                     DR                   TROY                               MI48084                                                                                                                                                                                                                                                               31333241638070000020 34260041  13   11   16              00000 NA N
MCCOMB                             JASON               LEE                    1981M10092012     233      OLYMPIA                       DR                   TROY                               MI48084                                                                                                                                                                                                                                                              107284071638070000027 34260041  13   11   20              00000 NA N
TROTTER                            JASON               AARON                  1985M11212012    2875      TROY CENTER                   DR      APT P-26     TROY                               MI48084                                                                                                                                                                                                                                                              107393071638070000027 34260041  13   11   20              00000 NA N
WILLIAMS                           JASON               BURKE                  1972M01302013    3014      CASWELL                       DR                   TROY                               MI48084                                                                                                                                                                                                                                                              107529039638070000029 05850041  13   11   16              00000 NA N
MCBRIEN                            JASON               BENTLEY                1976M08162016    3547      SCOTT                         DR                   TROY                               MI48084                                                                                                                                                                                                                                                               32700471638070000019 34260041  13   11   16              00000 NA N
YEE                                JASON               TIMOTHY                1985M11172015    2260      CROOKS                        RD      APT 235      TROY                               MI48084                                                                                                                                                                                                                                                               31915828638070000027 34260041  13   11   20              00000 NA N
LICHT                              JASON               CARL-LOUIS             1988M06172013    2871      TROY CENTER                   DR      APT 3002     TROY                               MI48084                                                                                                                                                                                                                                                              107834146638070000027 34260041  13   11   20              00000 NA N
RINEHART                           JASON               MICHAEL                1977M03032014    1257      KIRTS                         BLVD    APT 211      TROY                               MI48084                                                                                                                                                                                                                                                              108428601638070000027 34260041  13   11   20              00000 NA N
PITTS                              JASON               T                      1969M12142015    2284      COOLIDGE                      HWY     APT 208      TROY                               MI48084                                                                                                                                                                                                                                                               32020908638070000028 34260041  13   11   16              00000 NA N
GARZA                              JASON               RUBEN                  1971M07022014     344      KIRK LANE                     DR                   TROY                               MI48084                                                                                                                                                                                                                                                              108697433638070000016 34260041  13   11   16              00000 NA N
CHON                               JASON               JONGHO                 1971M05282015    3665      BALFOUR                       DR                   TROY                               MI48084                                                                                                                                                                                                                                                               31353057638070000020 34260041  13   11   16              00000 NA N
SADOFF                             SCOTT               JASON                  1981M11032014    2950      DORCHESTER                    DR      APT 106      TROY                               MI48084                                                                                                                                                                                                                                                              109003023638070000028 34260041  13   11   16              00000 NA N
PANITCH                            JASON               LEE                    1969M03312015    1777      KIRTS                         BLVD    APT 214      TROY                               MI48084                                                                                                                                                                                                                                                               31231805638070000028 34260041  13   11   16              00000 NA N
